            --------------------------------------------------------
                             AMBER SQM VERSION 19
 
                                     By
              Ross C. Walker, Michael F. Crowley, Scott Brozell,
                         Tim Giese, Andreas W. Goetz,
                        Tai-Sung Lee and David A. Case
 
            --------------------------------------------------------
 

--------------------------------------------------------------------------------
  QM CALCULATION INFO
--------------------------------------------------------------------------------

| QMMM: Citation for AMBER QMMM Run:
| QMMM: R.C. Walker, M.F. Crowley and D.A. Case, J. COMP. CHEM. 29:1019, 2008

QMMM: SINGLET STATE CALCULATION
QMMM: RHF CALCULATION, NO. OF DOUBLY OCCUPIED LEVELS = 91

| QMMM: *** Selected Hamiltonian *** 
| QMMM: AM1         

| QMMM: *** Parameter sets in use ***
| QMMM: O : M.J.S.DEWAR et al. JACS, 107, 3902, (1985)
| QMMM: C : M.J.S.DEWAR et al. JACS, 107, 3902, (1985)
| QMMM: N : M.J.S.DEWAR et al. JACS, 107, 3902, (1985)
| QMMM: F : M.J.S.DEWAR et al. THEOCHEM, 180, 1, (1988)
| QMMM: H : M.J.S.DEWAR et al. JACS, 107, 3902, (1985)

| QMMM: *** SCF convergence criteria ***
| QMMM: Energy change                :  0.1D-09 kcal/mol
| QMMM: Error matrix |FP-PF|         :  0.1D+00 au
| QMMM: Density matrix change        :  0.5D-06
| QMMM: Maximum number of SCF cycles :     1000

| QMMM: *** Diagonalization Routine Information ***
| QMMM: Pseudo diagonalizations are allowed.
| QMMM: Auto diagonalization routine selection is in use.
| QMMM:
| QMMM: Timing diagonalization routines:
| QMMM:                              norbs =      172
| QMMM:    diag iterations used for timing =        5
| QMMM:
| QMMM:              Internal diag routine = 0.104173 seconds
| QMMM:                 Dspev diag routine = 0.065528 seconds
| QMMM:                Dspevd diag routine = 1.797129 seconds
| QMMM:                Dspevx diag routine = 0.141920 seconds
| QMMM:                 Dsyev diag routine = 1.192724 seconds
| QMMM:                Dsyevd diag routine = 4.508095 seconds
| QMMM:                Dsyevr diag routine = 2.914625 seconds
| QMMM:
| QMMM:                Pseudo diag routine = 0.035138 seconds
| QMMM:
| QMMM: Using dspev routine (diag_routine=2).

  QMMM: QM Region Cartesian Coordinates (*=link atom) 
  QMMM: QM_NO.   MM_NO.  ATOM         X         Y         Z
  QMMM:     1        1      O       88.2670  122.6800  118.6740
  QMMM:     2        2      C       87.6690  122.9090  119.7460
  QMMM:     3        3      N       86.2930  123.1820  119.8430
  QMMM:     4        4      C       85.9300  122.9240  121.2010
  QMMM:     5        5      N       87.1510  123.2340  121.9610
  QMMM:     6        6      C       87.0820  123.7500  123.2800
  QMMM:     7        7      C       88.1830  123.7420  124.1030
  QMMM:     8        8      C       88.1320  124.2670  125.3980
  QMMM:     9        9      C       86.9350  124.7980  125.8290
  QMMM:    10       10      C       85.8440  124.8010  125.0000
  QMMM:    11       11      C       85.9150  124.2830  123.7360
  QMMM:    12       12      C       88.3050  122.9350  121.1170
  QMMM:    13       13      C       89.3420  124.0410  121.1500
  QMMM:    14       14      C       90.5040  123.7330  120.2340
  QMMM:    15       15      N       90.9830  122.3760  120.3960
  QMMM:    16       16      C       92.4390  122.2970  120.3750
  QMMM:    17       17      C       93.0190  123.5740  119.8420
  QMMM:    18       18      C       93.6370  123.5230  118.5120
  QMMM:    19       19      C       93.7560  122.2920  117.7430
  QMMM:    20       20      C       92.6940  122.0730  116.6960
  QMMM:    21       21      C       93.1120  121.5440  115.4960
  QMMM:    22       22      C       92.2090  121.3380  114.4830
  QMMM:    23       23      C       90.8810  121.6550  114.6560
  QMMM:    24       24      F       89.9980  121.4470  113.6470
  QMMM:    25       25      C       90.4830  122.1920  115.8850
  QMMM:    26       26      C       91.3800  122.4010  116.8980
  QMMM:    27       27      C       95.0500  121.8350  117.2640
  QMMM:    28       28      C       95.3700  120.5710  116.8550
  QMMM:    29       29      C       96.6820  120.3060  116.4410
  QMMM:    30       30      C       97.6440  121.2840  116.4390
  QMMM:    31       31      F       98.9240  121.0530  116.0410
  QMMM:    32       32      C       97.3340  122.5610  116.8470
  QMMM:    33       33      C       96.0600  122.8050  117.2470
  QMMM:    34       34      C       90.3850  121.7190  121.5290
  QMMM:    35       35      C       88.9060  121.5980  121.3630
  QMMM:    36       36      H       85.6750  123.5100  119.0530
  QMMM:    37       37      H       85.0990  123.5740  121.5140
  QMMM:    38       38      H       85.5840  121.8920  121.3580
  QMMM:    39       39      H       89.1260  123.3130  123.7340
  QMMM:    40       40      H       89.0170  124.2570  126.0510
  QMMM:    41       41      H       86.8560  125.2210  126.8410
  QMMM:    42       42      H       84.8950  125.2270  125.3570
  QMMM:    43       43      H       85.0270  124.2970  123.0870
  QMMM:    44       44      H       88.8720  124.9820  120.8280
  QMMM:    45       45      H       89.7240  124.1270  122.1780
  QMMM:    46       46      H       90.1800  123.8730  119.1920
  QMMM:    47       47      H       91.3280  124.4150  120.4920
  QMMM:    48       48      H       90.6880  121.8490  119.5450
  QMMM:    49       49      H       92.8090  122.1290  121.3970
  QMMM:    50       50      H       92.7440  121.4650  119.7240
  QMMM:    51       51      H       92.2070  124.3150  119.8020
  QMMM:    52       52      H       93.8420  123.8220  120.5290
  QMMM:    53       53      H       93.0630  124.2200  117.8830
  QMMM:    54       54      H       94.6890  123.7400  118.7480
  QMMM:    55       55      H       93.5760  121.6260  118.6000
  QMMM:    56       56      H       94.1710  121.2860  115.3490
  QMMM:    57       57      H       92.5490  120.9160  113.5260
  QMMM:    58       58      H       89.4260  122.4520  116.0410
  QMMM:    59       59      H       91.0510  122.8250  117.8580
  QMMM:    60       60      H       94.6110  119.7750  116.8510
  QMMM:    61       61      H       96.9470  119.2910  116.1100
  QMMM:    62       62      H       98.0930  123.3570  116.8490
  QMMM:    63       63      H       95.8060  123.8230  117.5770
  QMMM:    64       64      H       90.8180  120.7130  121.6310
  QMMM:    65       65      H       90.5870  122.3200  122.4280
  QMMM:    66       66      H       88.6890  120.9400  120.5090
  QMMM:    67       67      H       88.4750  121.1750  122.2830

--------------------------------------------------------------------------------
  RESULTS
--------------------------------------------------------------------------------

      iter         sqm energy              rms gradient
      ----    -------------------    -----------------------
xmin    10      117.8951 kcal/mol        2.0252 kcal/(mol*A)
xmin    20      112.7669 kcal/mol        0.1159 kcal/(mol*A)
xmin    30      112.3364 kcal/mol        0.3849 kcal/(mol*A)
xmin    40      112.2671 kcal/mol        0.0077 kcal/(mol*A)
  ... geometry converged !
 
 Final MO eigenvalues (eV):
 -51.7096  -51.4191  -46.2072  -44.1072  -42.9060  -42.1117  -41.0386  -40.5675
 -39.6699  -38.1751  -36.8112  -36.2642  -35.3183  -34.2131  -34.0964  -33.8662
 -32.7481  -32.7280  -31.6000  -30.5808  -29.1922  -28.4787  -28.1598  -26.8802
 -26.2619  -26.0161  -25.8398  -25.2888  -25.0986  -24.6857  -24.0167  -23.3858
 -22.7820  -22.0193  -21.6468  -21.2456  -20.6918  -20.4583  -20.3783  -20.0702
 -19.7784  -19.6046  -19.5455  -19.4198  -19.1891  -19.1247  -18.7436  -18.6784
 -18.4828  -18.4251  -18.3453  -18.1259  -18.0149  -17.9176  -17.8719  -17.6725
 -17.5622  -17.4524  -17.3293  -17.1527  -17.0848  -16.8908  -16.8367  -16.7508
 -16.4957  -16.4632  -16.3005  -16.2236  -16.1424  -16.0372  -15.9865  -15.7600
 -15.6386  -15.4949  -15.2825  -15.0142  -14.7179  -14.6235  -14.6076  -14.5555
 -14.2794  -14.1865  -14.1147  -13.8189  -13.3170  -12.3744  -12.3605  -12.0085
 -11.7056  -11.5332  -11.3859   -3.3485   -2.3594   -2.3101   -2.2867   -2.1219
  -2.0985   -1.9546   -1.7269   -1.5754   -1.4738   -1.3890   -1.1538   -1.0873
  -0.8303   -0.6262   -0.5267   -0.4872   -0.3889   -0.2762   -0.1678   -0.1097
  -0.0814    0.0864    0.1402    0.1532    0.2008    0.3183    0.3623    0.5657
   0.5896    0.6278    0.7045    0.7797    0.7971    0.8252    0.8623    0.9969
   1.0105    1.0797    1.0962    1.1587    1.2192    1.3152    1.3488    1.4694
   1.4904    1.4986    1.5540    1.6617    1.6854    1.7439    1.7782    1.7988
   1.8467    1.8854    1.9001    1.9994    2.1054    2.1351    2.2227    2.3493
   2.3799    2.4356    2.4890    2.6248    2.8188    2.8375    2.8598    2.8769
   2.8867    2.9515    3.0013    3.0166    3.1464    3.1832    3.2223    3.3582
   3.4729    3.5409    3.5911    3.9183

 Heat of formation   =        112.26675685 kcal/mol  (        4.86825189 eV)

 Total SCF energy    =    -139691.97226206 kcal/mol  (    -6057.49847197 eV)
 Electronic energy   =   -1252491.67972557 kcal/mol  (   -54312.11481400 eV)
 Core-core repulsion =    1112799.70746352 kcal/mol  (    48254.61634203 eV)
 
    Atomic Charges for Step       1 :
  Atom    Element       Mulliken Charge
     1      O                 -0.401
     2      C                  0.298
     3      N                 -0.358
     4      C                  0.061
     5      N                 -0.236
     6      C                  0.034
     7      C                 -0.175
     8      C                 -0.098
     9      C                 -0.133
    10      C                 -0.089
    11      C                 -0.166
    12      C                  0.026
    13      C                 -0.202
    14      C                 -0.117
    15      N                 -0.014
    16      C                 -0.123
    17      C                 -0.185
    18      C                 -0.178
    19      C                 -0.007
    20      C                 -0.111
    21      C                 -0.086
    22      C                 -0.160
    23      C                  0.108
    24      F                 -0.093
    25      C                 -0.163
    26      C                 -0.110
    27      C                 -0.112
    28      C                 -0.110
    29      C                 -0.161
    30      C                  0.108
    31      F                 -0.088
    32      C                 -0.161
    33      C                 -0.107
    34      C                 -0.122
    35      C                 -0.177
    36      H                  0.278
    37      H                  0.106
    38      H                  0.130
    39      H                  0.117
    40      H                  0.143
    41      H                  0.153
    42      H                  0.150
    43      H                  0.139
    44      H                  0.139
    45      H                  0.131
    46      H                  0.150
    47      H                  0.137
    48      H                  0.279
    49      H                  0.132
    50      H                  0.143
    51      H                  0.102
    52      H                  0.140
    53      H                  0.092
    54      H                  0.123
    55      H                  0.065
    56      H                  0.149
    57      H                  0.161
    58      H                  0.154
    59      H                  0.138
    60      H                  0.134
    61      H                  0.160
    62      H                  0.162
    63      H                  0.142
    64      H                  0.141
    65      H                  0.135
    66      H                  0.127
    67      H                  0.156
 Total Mulliken Charge =       1.000
 
                  X        Y        Z     TOTAL  
  QM DIPOLE   434.278  592.648  582.486  937.613
 
 Final Structure

  QMMM: QM Region Cartesian Coordinates (*=link atom) 
  QMMM: QM_NO.   MM_NO.  ATOM         X         Y         Z
  QMMM:     1        1      O       89.1268  122.9441  118.8539
  QMMM:     2        2      C       88.3031  123.0451  119.7829
  QMMM:     3        3      N       86.9544  123.2557  119.6688
  QMMM:     4        4      C       86.3167  123.2504  120.9846
  QMMM:     5        5      N       87.3530  122.9035  121.9864
  QMMM:     6        6      C       87.1893  123.4038  123.3022
  QMMM:     7        7      C       88.1818  123.1698  124.2828
  QMMM:     8        8      C       87.9826  123.5579  125.6036
  QMMM:     9        9      C       86.7978  124.1812  125.9906
  QMMM:    10       10      C       85.8039  124.4030  125.0404
  QMMM:    11       11      C       85.9868  124.0221  123.7134
  QMMM:    12       12      C       88.6704  122.9823  121.3149
  QMMM:    13       13      C       89.5041  124.2325  121.6369
  QMMM:    14       14      C       90.8050  124.3090  120.8454
  QMMM:    15       15      N       91.4012  122.9680  120.5411
  QMMM:    16       16      C       92.8867  123.0306  120.3899
  QMMM:    17       17      C       93.3511  123.9322  119.2549
  QMMM:    18       18      C       92.7614  123.6118  117.8998
  QMMM:    19       19      C       92.9558  122.1626  117.4530
  QMMM:    20       20      C       92.3286  121.9778  116.1023
  QMMM:    21       21      C       93.0877  121.8139  114.9404
  QMMM:    22       22      C       92.4714  121.6379  113.7050
  QMMM:    23       23      C       91.0671  121.6265  113.6255
  QMMM:    24       24      F       90.4570  121.4558  112.4309
  QMMM:    25       25      C       90.2935  121.7931  114.7909
  QMMM:    26       26      C       90.9287  121.9665  116.0139
  QMMM:    27       27      C       94.3861  121.7244  117.5148
  QMMM:    28       28      C       94.6871  120.4497  118.0136
  QMMM:    29       29      C       96.0016  120.0044  118.0949
  QMMM:    30       30      C       97.0459  120.8468  117.6686
  QMMM:    31       31      F       98.3281  120.4269  117.7489
  QMMM:    32       32      C       96.7545  122.1257  117.1573
  QMMM:    33       33      C       95.4321  122.5496  117.0831
  QMMM:    34       34      C       90.9952  121.9772  121.5841
  QMMM:    35       35      C       89.4963  121.7025  121.5520
  QMMM:    36       36      H       86.4321  123.1744  118.8320
  QMMM:    37       37      H       85.8660  124.2749  121.1537
  QMMM:    38       38      H       85.5102  122.4614  121.0415
  QMMM:    39       39      H       89.1187  122.6555  124.0224
  QMMM:    40       40      H       88.7685  123.3613  126.3497
  QMMM:    41       41      H       86.6458  124.4860  127.0370
  QMMM:    42       42      H       84.8566  124.8817  125.3369
  QMMM:    43       43      H       85.1577  124.1949  123.0110
  QMMM:    44       44      H       88.9104  125.1576  121.4029
  QMMM:    45       45      H       89.7320  124.2563  122.7364
  QMMM:    46       46      H       90.6259  124.8170  119.8522
  QMMM:    47       47      H       91.5554  124.9142  121.4293
  QMMM:    48       48      H       90.9988  122.6546  119.6320
  QMMM:    49       49      H       93.3228  123.3896  121.3649
  QMMM:    50       50      H       93.2491  121.9773  120.1978
  QMMM:    51       51      H       93.1314  125.0045  119.5053
  QMMM:    52       52      H       94.4713  123.8187  119.2038
  QMMM:    53       53      H       91.6604  123.8415  117.8844
  QMMM:    54       54      H       93.2371  124.2950  117.1443
  QMMM:    55       55      H       92.3725  121.5060  118.1696
  QMMM:    56       56      H       94.1887  121.8182  114.9938
  QMMM:    57       57      H       93.0708  121.5058  112.7917
  QMMM:    58       58      H       89.1961  121.7836  114.7209
  QMMM:    59       59      H       90.3177  122.1011  116.9221
  QMMM:    60       60      H       93.8741  119.7773  118.3293
  QMMM:    61       61      H       96.2349  118.9995  118.4779
  QMMM:    62       62      H       97.5745  122.7742  116.8134
  QMMM:    63       63      H       95.2122  123.5450  116.6659
  QMMM:    64       64      H       91.5561  121.0160  121.4025
  QMMM:    65       65      H       91.3011  122.3860  122.5888
  QMMM:    66       66      H       89.2609  120.9619  120.7408
  QMMM:    67       67      H       89.2191  121.2146  122.5261

           --------- Calculation Completed ----------

