[setup] gpu=NVIDIA RTX A6000 model=models/esm2/esm2_t33_650M_UR50D.pt layer=33
/public/home/mengxl/dzy/envs/yeastbridge/lib/python3.10/site-packages/esm/pretrained.py:70: FutureWarning: You are using `torch.load` with `weights_only=False` (the current default value), which uses the default pickle module implicitly. It is possible to construct malicious pickle data which will execute arbitrary code during unpickling (See https://github.com/pytorch/pytorch/blob/main/SECURITY.md#untrusted-models for more details). In a future release, the default value for `weights_only` will be flipped to `True`. This limits the functions that could be executed during unpickling. Arbitrary objects will no longer be allowed to be loaded via this mode unless they are explicitly allowlisted by the user via `torch.serialization.add_safe_globals`. We recommend you start setting `weights_only=True` for any use case where you don't have full control of the loaded file. Please open an issue on GitHub for any issues related to this experimental feature.
  model_data = torch.load(str(model_location), map_location="cpu")
/public/home/mengxl/dzy/envs/yeastbridge/lib/python3.10/site-packages/esm/pretrained.py:74: FutureWarning: You are using `torch.load` with `weights_only=False` (the current default value), which uses the default pickle module implicitly. It is possible to construct malicious pickle data which will execute arbitrary code during unpickling (See https://github.com/pytorch/pytorch/blob/main/SECURITY.md#untrusted-models for more details). In a future release, the default value for `weights_only` will be flipped to `True`. This limits the functions that could be executed during unpickling. Arbitrary objects will no longer be allowed to be loaded via this mode unless they are explicitly allowlisted by the user via `torch.serialization.add_safe_globals`. We recommend you start setting `weights_only=True` for any use case where you don't have full control of the loaded file. Please open an issue on GitHub for any issues related to this experimental feature.
  regression_data = torch.load(regression_location, map_location="cpu")
[setup] model loaded in 19.2s, embed_dim=1280, fp16
[data] 51 proteins from /public/home/mengxl/dzy/yeastbridge_re/feasibility/transfer_routes/assets/human_anchor_proteins.fasta
[data] 3 batches (budget 65536 tok), total_residues=49955, mapped_to_gene_master=0
Traceback (most recent call last):
  File "/public/home/mengxl/dzy/yeastbridge/scripts/data/extract_esm2_embeddings.py", line 167, in <module>
    main()
  File "/public/home/mengxl/dzy/yeastbridge/scripts/data/extract_esm2_embeddings.py", line 131, in main
    out = model(toks, repr_layers=[args.repr_layer])
  File "/public/home/mengxl/dzy/envs/yeastbridge/lib/python3.10/site-packages/torch/nn/modules/module.py", line 1553, in _wrapped_call_impl
    return self._call_impl(*args, **kwargs)
  File "/public/home/mengxl/dzy/envs/yeastbridge/lib/python3.10/site-packages/torch/nn/modules/module.py", line 1562, in _call_impl
    return forward_call(*args, **kwargs)
  File "/public/home/mengxl/dzy/envs/yeastbridge/lib/python3.10/site-packages/esm/model/esm2.py", line 112, in forward
    x, attn = layer(
  File "/public/home/mengxl/dzy/envs/yeastbridge/lib/python3.10/site-packages/torch/nn/modules/module.py", line 1553, in _wrapped_call_impl
    return self._call_impl(*args, **kwargs)
  File "/public/home/mengxl/dzy/envs/yeastbridge/lib/python3.10/site-packages/torch/nn/modules/module.py", line 1562, in _call_impl
    return forward_call(*args, **kwargs)
  File "/public/home/mengxl/dzy/envs/yeastbridge/lib/python3.10/site-packages/esm/modules.py", line 125, in forward
    x, attn = self.self_attn(
  File "/public/home/mengxl/dzy/envs/yeastbridge/lib/python3.10/site-packages/torch/nn/modules/module.py", line 1553, in _wrapped_call_impl
    return self._call_impl(*args, **kwargs)
  File "/public/home/mengxl/dzy/envs/yeastbridge/lib/python3.10/site-packages/torch/nn/modules/module.py", line 1562, in _call_impl
    return forward_call(*args, **kwargs)
  File "/public/home/mengxl/dzy/envs/yeastbridge/lib/python3.10/site-packages/esm/multihead_attention.py", line 357, in forward
    attn_weights = torch.bmm(q, k.transpose(1, 2))
torch.OutOfMemoryError: CUDA out of memory. Tried to allocate 2.42 GiB. GPU 0 has a total capacity of 47.53 GiB of which 762.81 MiB is free. Process 193132 has 44.94 GiB memory in use. Including non-PyTorch memory, this process has 1.84 GiB memory in use. Of the allocated memory 1.39 GiB is allocated by PyTorch, and 142.62 MiB is reserved by PyTorch but unallocated. If reserved but unallocated memory is large try setting PYTORCH_CUDA_ALLOC_CONF=expandable_segments:True to avoid fragmentation.  See documentation for Memory Management  (https://pytorch.org/docs/stable/notes/cuda.html#environment-variables)
