hit compounds: 484
already prepared: 156
[RDKit] ERROR:[00:40:46] Explicit valence for atom # 4 N, 4, is greater than permitted
[RDKit] ERROR:[00:40:46] Explicit valence for atom # 4 N, 4, is greater than permitted
[RDKit] ERROR:[00:41:28] Explicit valence for atom # 11 N, 4, is greater than permitted
[RDKit] ERROR:[00:41:28] Explicit valence for atom # 11 N, 4, is greater than permitted
[RDKit] ERROR:[00:41:36] UFFTYPER: Unrecognized charge state for atom: 8
[RDKit] ERROR:[00:41:37] UFFTYPER: Unrecognized atom type: Au5+3 (0)
[RDKit] ERROR:[00:43:27] Explicit valence for atom # 9 N, 4, is greater than permitted
[RDKit] ERROR:[00:43:27] Explicit valence for atom # 12 N, 4, is greater than permitted
[RDKit] ERROR:[00:43:27] Explicit valence for atom # 12 N, 4, is greater than permitted
[RDKit] ERROR:[00:43:27] Explicit valence for atom # 12 N, 4, is greater than permitted
[RDKit] ERROR:[00:43:27] Explicit valence for atom # 12 N, 4, is greater than permitted
[RDKit] ERROR:[00:43:27] Explicit valence for atom # 12 N, 4, is greater than permitted
[RDKit] ERROR:[00:43:27] Explicit valence for atom # 12 N, 4, is greater than permitted
[RDKit] ERROR:[00:43:27] Explicit valence for atom # 12 N, 4, is greater than permitted
[RDKit] ERROR:[00:43:27] Explicit valence for atom # 12 N, 4, is greater than permitted
[RDKit] ERROR:[00:43:27] Explicit valence for atom # 12 N, 4, is greater than permitted
[RDKit] ERROR:[00:43:27] Explicit valence for atom # 9 N, 4, is greater than permitted
[RDKit] ERROR:[00:43:27] Explicit valence for atom # 9 N, 4, is greater than permitted
[RDKit] ERROR:[00:43:46] Explicit valence for atom # 5 N, 4, is greater than permitted
[RDKit] ERROR:[00:43:46] Explicit valence for atom # 8 N, 4, is greater than permitted
[RDKit] ERROR:[00:43:46] Explicit valence for atom # 8 N, 4, is greater than permitted
[RDKit] ERROR:[00:43:46] Explicit valence for atom # 8 N, 4, is greater than permitted
[RDKit] ERROR:[00:43:46] Explicit valence for atom # 8 N, 4, is greater than permitted
[RDKit] ERROR:[00:43:46] Explicit valence for atom # 8 N, 4, is greater than permitted
[RDKit] ERROR:[00:43:46] Explicit valence for atom # 8 N, 4, is greater than permitted
[RDKit] ERROR:[00:43:46] Explicit valence for atom # 8 N, 4, is greater than permitted
[RDKit] ERROR:[00:43:46] Explicit valence for atom # 8 N, 4, is greater than permitted
[RDKit] ERROR:[00:43:46] Explicit valence for atom # 8 N, 4, is greater than permitted
[RDKit] ERROR:[00:43:46] Explicit valence for atom # 5 N, 4, is greater than permitted
[RDKit] ERROR:[00:43:46] Explicit valence for atom # 5 N, 4, is greater than permitted
[RDKit] ERROR:[00:43:46] Explicit valence for atom # 5 N, 4, is greater than permitted
[RDKit] ERROR:[00:43:51] Explicit valence for atom # 13 N, 4, is greater than permitted
[RDKit] ERROR:[00:45:29] Explicit valence for atom # 7 N, 4, is greater than permitted
[RDKit] ERROR:[00:45:29] Explicit valence for atom # 10 N, 4, is greater than permitted
[RDKit] ERROR:[00:45:29] Explicit valence for atom # 10 N, 4, is greater than permitted
[RDKit] ERROR:[00:45:29] Explicit valence for atom # 10 N, 4, is greater than permitted
[RDKit] ERROR:[00:45:29] Explicit valence for atom # 10 N, 4, is greater than permitted
[RDKit] ERROR:[00:45:29] Explicit valence for atom # 10 N, 4, is greater than permitted
[RDKit] ERROR:[00:45:29] Explicit valence for atom # 10 N, 4, is greater than permitted
[RDKit] ERROR:[00:45:29] Explicit valence for atom # 10 N, 4, is greater than permitted
[RDKit] ERROR:[00:45:29] Explicit valence for atom # 10 N, 4, is greater than permitted
[RDKit] ERROR:[00:45:29] Explicit valence for atom # 10 N, 4, is greater than permitted
[RDKit] ERROR:[00:45:29] Explicit valence for atom # 7 N, 4, is greater than permitted
[RDKit] ERROR:[00:45:29] Explicit valence for atom # 7 N, 4, is greater than permitted
[RDKit] ERROR:[00:45:34] Explicit valence for atom # 5 N, 4, is greater than permitted
[RDKit] ERROR:[00:45:34] Explicit valence for atom # 5 N, 4, is greater than permitted
[RDKit] ERROR:[00:45:34] Explicit valence for atom # 5 N, 4, is greater than permitted
[RDKit] ERROR:[00:45:39] Explicit valence for atom # 8 N, 4, is greater than permitted
[RDKit] ERROR:[00:45:39] Explicit valence for atom # 8 N, 4, is greater than permitted
  40/489 processed
[RDKit] ERROR:[00:47:31] Explicit valence for atom # 1 N, 4, is greater than permitted
[RDKit] ERROR:[00:47:31] Explicit valence for atom # 1 N, 4, is greater than permitted
[RDKit] ERROR:[00:47:31] Explicit valence for atom # 1 N, 4, is greater than permitted
[RDKit] ERROR:[00:47:31] Explicit valence for atom # 1 N, 4, is greater than permitted
  60/489 processed
[RDKit] ERROR:[00:48:34] Explicit valence for atom # 9 N, 4, is greater than permitted
[RDKit] ERROR:[00:49:10] Explicit valence for atom # 3 N, 4, is greater than permitted
[RDKit] ERROR:[00:49:10] Explicit valence for atom # 19 N, 4, is greater than permitted
[RDKit] ERROR:[00:49:20] Explicit valence for atom # 2 N, 4, is greater than permitted
[RDKit] ERROR:[00:49:20] Explicit valence for atom # 2 N, 4, is greater than permitted
[RDKit] ERROR:[00:49:35] Explicit valence for atom # 9 N, 4, is greater than permitted
  80/489 processed
[RDKit] ERROR:[00:50:06] Explicit valence for atom # 6 N, 4, is greater than permitted
[RDKit] ERROR:[00:50:06] Explicit valence for atom # 9 N, 4, is greater than permitted
[RDKit] ERROR:[00:50:06] Explicit valence for atom # 9 N, 4, is greater than permitted
[RDKit] ERROR:[00:50:06] Explicit valence for atom # 9 N, 4, is greater than permitted
[RDKit] ERROR:[00:50:06] Explicit valence for atom # 9 N, 4, is greater than permitted
[RDKit] ERROR:[00:50:06] Explicit valence for atom # 9 N, 4, is greater than permitted
[RDKit] ERROR:[00:50:06] Explicit valence for atom # 9 N, 4, is greater than permitted
[RDKit] ERROR:[00:50:06] Explicit valence for atom # 9 N, 4, is greater than permitted
[RDKit] ERROR:[00:50:06] Explicit valence for atom # 9 N, 4, is greater than permitted
[RDKit] ERROR:[00:50:06] Explicit valence for atom # 9 N, 4, is greater than permitted
[RDKit] ERROR:[00:50:06] Explicit valence for atom # 6 N, 4, is greater than permitted
[RDKit] ERROR:[00:50:06] Explicit valence for atom # 6 N, 4, is greater than permitted
[RDKit] ERROR:[00:50:12] Explicit valence for atom # 1 N, 4, is greater than permitted
[RDKit] ERROR:[00:50:12] Explicit valence for atom # 1 N, 4, is greater than permitted
[RDKit] ERROR:[00:52:17] Explicit valence for atom # 27 N, 4, is greater than permitted
[RDKit] ERROR:[00:52:17] Explicit valence for atom # 27 N, 4, is greater than permitted
[RDKit] ERROR:[00:52:17] Explicit valence for atom # 27 N, 4, is greater than permitted
[RDKit] ERROR:[00:52:17] Explicit valence for atom # 27 N, 4, is greater than permitted
[RDKit] ERROR:[00:52:17] Explicit valence for atom # 27 N, 4, is greater than permitted
[RDKit] ERROR:[00:52:17] Explicit valence for atom # 27 N, 4, is greater than permitted
[RDKit] ERROR:[00:52:17] Explicit valence for atom # 27 N, 4, is greater than permitted
[RDKit] ERROR:[00:52:17] Explicit valence for atom # 27 N, 4, is greater than permitted
[RDKit] ERROR:[00:52:17] Explicit valence for atom # 27 N, 4, is greater than permitted
[RDKit] ERROR:[00:52:17] Explicit valence for atom # 27 N, 4, is greater than permitted
[RDKit] ERROR:[00:52:17] Explicit valence for atom # 27 N, 4, is greater than permitted
[RDKit] ERROR:[00:52:17] Explicit valence for atom # 27 N, 4, is greater than permitted
[RDKit] ERROR:[00:52:17] Explicit valence for atom # 27 N, 4, is greater than permitted
[RDKit] ERROR:[00:52:17] Explicit valence for atom # 27 N, 4, is greater than permitted
[RDKit] ERROR:[00:52:17] Explicit valence for atom # 27 N, 4, is greater than permitted
[RDKit] ERROR:[00:52:17] Explicit valence for atom # 27 N, 4, is greater than permitted
[RDKit] ERROR:[00:52:17] Explicit valence for atom # 27 N, 4, is greater than permitted
[RDKit] ERROR:[00:52:17] Explicit valence for atom # 27 N, 4, is greater than permitted
[RDKit] ERROR:[00:52:17] Explicit valence for atom # 27 N, 4, is greater than permitted
[RDKit] ERROR:[00:52:17] Explicit valence for atom # 27 N, 4, is greater than permitted
[RDKit] ERROR:[00:52:17] Explicit valence for atom # 27 N, 4, is greater than permitted
[RDKit] ERROR:[00:52:17] Explicit valence for atom # 27 N, 4, is greater than permitted
[RDKit] ERROR:[00:52:17] Explicit valence for atom # 27 N, 4, is greater than permitted
[RDKit] ERROR:[00:52:17] Explicit valence for atom # 27 N, 4, is greater than permitted
[RDKit] ERROR:[00:52:17] Explicit valence for atom # 27 N, 4, is greater than permitted
[RDKit] ERROR:[00:52:17] Explicit valence for atom # 27 N, 4, is greater than permitted
[RDKit] ERROR:[00:52:17] Explicit valence for atom # 27 N, 4, is greater than permitted
[RDKit] ERROR:[00:52:17] Explicit valence for atom # 27 N, 4, is greater than permitted
[RDKit] ERROR:[00:52:17] Explicit valence for atom # 27 N, 4, is greater than permitted
[RDKit] ERROR:[00:52:17] Explicit valence for atom # 27 N, 4, is greater than permitted
[RDKit] ERROR:[00:52:17] Explicit valence for atom # 27 N, 4, is greater than permitted
[RDKit] ERROR:[00:52:17] Explicit valence for atom # 27 N, 4, is greater than permitted
[RDKit] ERROR:[00:52:17] Explicit valence for atom # 27 N, 4, is greater than permitted
[RDKit] ERROR:[00:52:17] Explicit valence for atom # 27 N, 4, is greater than permitted
[RDKit] ERROR:[00:52:17] Explicit valence for atom # 27 N, 4, is greater than permitted
[RDKit] ERROR:[00:52:17] Explicit valence for atom # 27 N, 4, is greater than permitted
[RDKit] ERROR:[00:52:17] Explicit valence for atom # 27 N, 4, is greater than permitted
[RDKit] ERROR:[00:52:17] Explicit valence for atom # 27 N, 4, is greater than permitted
[RDKit] ERROR:[00:52:17] Explicit valence for atom # 27 N, 4, is greater than permitted
[RDKit] ERROR:[00:52:17] Explicit valence for atom # 27 N, 4, is greater than permitted
[RDKit] ERROR:[00:52:17] Explicit valence for atom # 27 N, 4, is greater than permitted
[RDKit] ERROR:[00:52:17] Explicit valence for atom # 27 N, 4, is greater than permitted
[RDKit] ERROR:[00:52:17] Explicit valence for atom # 27 N, 4, is greater than permitted
[RDKit] ERROR:[00:52:17] Explicit valence for atom # 27 N, 4, is greater than permitted
[RDKit] ERROR:[00:52:17] Explicit valence for atom # 27 N, 4, is greater than permitted
[RDKit] ERROR:[00:52:17] Explicit valence for atom # 27 N, 4, is greater than permitted
[RDKit] ERROR:[00:52:17] Explicit valence for atom # 27 N, 4, is greater than permitted
[RDKit] ERROR:[00:52:17] Explicit valence for atom # 27 N, 4, is greater than permitted
[RDKit] ERROR:[00:52:17] Explicit valence for atom # 24 N, 4, is greater than permitted
[RDKit] ERROR:[00:52:17] Explicit valence for atom # 24 N, 4, is greater than permitted
[RDKit] ERROR:[00:52:17] Explicit valence for atom # 24 N, 4, is greater than permitted
[RDKit] ERROR:[00:52:17] Explicit valence for atom # 24 N, 4, is greater than permitted
[RDKit] ERROR:[00:52:17] Explicit valence for atom # 24 N, 4, is greater than permitted
[RDKit] ERROR:[00:52:17] Explicit valence for atom # 24 N, 4, is greater than permitted
[RDKit] ERROR:[00:52:17] Explicit valence for atom # 24 N, 4, is greater than permitted
[RDKit] ERROR:[00:52:17] Explicit valence for atom # 24 N, 4, is greater than permitted
[RDKit] ERROR:[00:52:17] Explicit valence for atom # 24 N, 4, is greater than permitted
[RDKit] ERROR:[00:52:17] Explicit valence for atom # 24 N, 4, is greater than permitted
[RDKit] ERROR:[00:52:17] Explicit valence for atom # 24 N, 4, is greater than permitted
[RDKit] ERROR:[00:52:17] Explicit valence for atom # 24 N, 4, is greater than permitted
[RDKit] ERROR:[00:52:17] Explicit valence for atom # 24 N, 4, is greater than permitted
[RDKit] ERROR:[00:52:17] Explicit valence for atom # 24 N, 4, is greater than permitted
[RDKit] ERROR:[00:52:17] Explicit valence for atom # 24 N, 4, is greater than permitted
[RDKit] ERROR:[00:52:17] Explicit valence for atom # 24 N, 4, is greater than permitted
[RDKit] ERROR:[00:54:25] Explicit valence for atom # 13 N, 4, is greater than permitted
[RDKit] ERROR:[00:54:25] Explicit valence for atom # 13 N, 4, is greater than permitted
  100/489 processed
[RDKit] ERROR:[00:54:31] Explicit valence for atom # 13 N, 4, is greater than permitted
[RDKit] ERROR:[00:54:31] Explicit valence for atom # 13 N, 4, is greater than permitted
[RDKit] ERROR:[00:54:36] Explicit valence for atom # 25 N, 4, is greater than permitted
[RDKit] ERROR:[00:54:36] Explicit valence for atom # 25 N, 4, is greater than permitted
[RDKit] ERROR:[00:54:41] Explicit valence for atom # 12 N, 4, is greater than permitted
[RDKit] ERROR:[00:54:46] Explicit valence for atom # 12 N, 4, is greater than permitted
[RDKit] ERROR:[00:54:46] Explicit valence for atom # 12 N, 4, is greater than permitted
[RDKit] ERROR:[00:55:35] Explicit valence for atom # 5 N, 4, is greater than permitted
[RDKit] ERROR:[00:55:35] Explicit valence for atom # 5 N, 4, is greater than permitted
[RDKit] WARNING:[00:56:28] WARNING: not removing hydrogen atom without neighbors
[RDKit] WARNING:[00:56:28] WARNING: not removing hydrogen atom without neighbors
[RDKit] WARNING:[00:56:28] WARNING: not removing hydrogen atom without neighbors
[RDKit] WARNING:[00:56:28] WARNING: not removing hydrogen atom without neighbors
[RDKit] WARNING:[00:56:28] WARNING: not removing hydrogen atom without neighbors
[RDKit] WARNING:[00:56:28] WARNING: not removing hydrogen atom without neighbors
[RDKit] WARNING:[00:56:28] WARNING: not removing hydrogen atom without neighbors
[RDKit] WARNING:[00:56:28] WARNING: not removing hydrogen atom without neighbors
[RDKit] WARNING:[00:56:28] WARNING: not removing hydrogen atom without neighbors
[RDKit] WARNING:[00:56:28] WARNING: not removing hydrogen atom without neighbors
[RDKit] WARNING:[00:56:28] WARNING: not removing hydrogen atom without neighbors
[RDKit] WARNING:[00:56:28] WARNING: not removing hydrogen atom without neighbors
[RDKit] WARNING:[00:56:28] WARNING: not removing hydrogen atom without neighbors
[RDKit] WARNING:[00:56:28] WARNING: not removing hydrogen atom without neighbors
[RDKit] ERROR:[00:56:39] Explicit valence for atom # 6 N, 4, is greater than permitted
[RDKit] ERROR:[00:56:39] Explicit valence for atom # 9 N, 4, is greater than permitted
[RDKit] ERROR:[00:56:39] Explicit valence for atom # 9 N, 4, is greater than permitted
[RDKit] ERROR:[00:56:39] Explicit valence for atom # 9 N, 4, is greater than permitted
[RDKit] ERROR:[00:56:39] Explicit valence for atom # 9 N, 4, is greater than permitted
[RDKit] ERROR:[00:56:39] Explicit valence for atom # 9 N, 4, is greater than permitted
[RDKit] ERROR:[00:56:39] Explicit valence for atom # 9 N, 4, is greater than permitted
[RDKit] ERROR:[00:56:39] Explicit valence for atom # 9 N, 4, is greater than permitted
[RDKit] ERROR:[00:56:39] Explicit valence for atom # 9 N, 4, is greater than permitted
[RDKit] ERROR:[00:56:39] Explicit valence for atom # 9 N, 4, is greater than permitted
[RDKit] ERROR:[00:56:39] Explicit valence for atom # 6 N, 4, is greater than permitted
[RDKit] ERROR:[00:56:39] Explicit valence for atom # 6 N, 4, is greater than permitted
[RDKit] ERROR:[00:57:14] Explicit valence for atom # 15 N, 4, is greater than permitted
[RDKit] ERROR:[00:57:14] Explicit valence for atom # 15 N, 4, is greater than permitted
[RDKit] ERROR:[00:57:14] Explicit valence for atom # 19 N, 4, is greater than permitted
[RDKit] ERROR:[00:57:14] Explicit valence for atom # 19 N, 4, is greater than permitted
[RDKit] ERROR:[00:57:14] Explicit valence for atom # 19 N, 4, is greater than permitted
[RDKit] ERROR:[00:57:14] Explicit valence for atom # 19 N, 4, is greater than permitted
[RDKit] ERROR:[00:57:14] Explicit valence for atom # 19 N, 4, is greater than permitted
[RDKit] ERROR:[00:57:14] Explicit valence for atom # 19 N, 4, is greater than permitted
[RDKit] ERROR:[00:57:14] Explicit valence for atom # 19 N, 4, is greater than permitted
[RDKit] ERROR:[00:57:14] Explicit valence for atom # 19 N, 4, is greater than permitted
[RDKit] ERROR:[00:57:14] Explicit valence for atom # 19 N, 4, is greater than permitted
[RDKit] ERROR:[00:57:14] Explicit valence for atom # 19 N, 4, is greater than permitted
[RDKit] ERROR:[00:57:14] Explicit valence for atom # 19 N, 4, is greater than permitted
[RDKit] ERROR:[00:57:14] Explicit valence for atom # 19 N, 4, is greater than permitted
[RDKit] ERROR:[00:57:14] Explicit valence for atom # 19 N, 4, is greater than permitted
[RDKit] ERROR:[00:57:14] Explicit valence for atom # 19 N, 4, is greater than permitted
[RDKit] ERROR:[00:57:14] Explicit valence for atom # 19 N, 4, is greater than permitted
[RDKit] ERROR:[00:57:14] Explicit valence for atom # 19 N, 4, is greater than permitted
[RDKit] ERROR:[00:57:14] Explicit valence for atom # 19 N, 4, is greater than permitted
[RDKit] ERROR:[00:57:14] Explicit valence for atom # 19 N, 4, is greater than permitted
[RDKit] ERROR:[00:57:14] Explicit valence for atom # 15 N, 4, is greater than permitted
[RDKit] ERROR:[00:57:14] Explicit valence for atom # 15 N, 4, is greater than permitted
[RDKit] ERROR:[00:57:14] Explicit valence for atom # 15 N, 4, is greater than permitted
[RDKit] ERROR:[00:57:14] Explicit valence for atom # 15 N, 4, is greater than permitted
  140/489 processed
[RDKit] ERROR:[00:57:35] Explicit valence for atom # 10 N, 4, is greater than permitted
[RDKit] ERROR:[00:57:35] Explicit valence for atom # 13 N, 4, is greater than permitted
[RDKit] ERROR:[00:57:35] Explicit valence for atom # 13 N, 4, is greater than permitted
[RDKit] ERROR:[00:57:35] Explicit valence for atom # 13 N, 4, is greater than permitted
[RDKit] ERROR:[00:57:35] Explicit valence for atom # 13 N, 4, is greater than permitted
[RDKit] ERROR:[00:57:35] Explicit valence for atom # 13 N, 4, is greater than permitted
[RDKit] ERROR:[00:57:35] Explicit valence for atom # 13 N, 4, is greater than permitted
[RDKit] ERROR:[00:57:35] Explicit valence for atom # 13 N, 4, is greater than permitted
[RDKit] ERROR:[00:57:35] Explicit valence for atom # 13 N, 4, is greater than permitted
[RDKit] ERROR:[00:57:35] Explicit valence for atom # 13 N, 4, is greater than permitted
[RDKit] ERROR:[00:57:35] Explicit valence for atom # 10 N, 4, is greater than permitted
[RDKit] ERROR:[00:57:35] Explicit valence for atom # 10 N, 4, is greater than permitted
[RDKit] ERROR:[00:59:13] Explicit valence for atom # 5 N, 4, is greater than permitted
[RDKit] ERROR:[00:59:13] Explicit valence for atom # 5 N, 4, is greater than permitted
[RDKit] ERROR:[01:00:36] Explicit valence for atom # 6 N, 4, is greater than permitted
[RDKit] ERROR:[01:00:36] Explicit valence for atom # 9 N, 4, is greater than permitted
[RDKit] ERROR:[01:00:36] Explicit valence for atom # 9 N, 4, is greater than permitted
[RDKit] ERROR:[01:00:36] Explicit valence for atom # 9 N, 4, is greater than permitted
[RDKit] ERROR:[01:00:36] Explicit valence for atom # 9 N, 4, is greater than permitted
[RDKit] ERROR:[01:00:36] Explicit valence for atom # 9 N, 4, is greater than permitted
[RDKit] ERROR:[01:00:36] Explicit valence for atom # 9 N, 4, is greater than permitted
[RDKit] ERROR:[01:00:36] Explicit valence for atom # 9 N, 4, is greater than permitted
[RDKit] ERROR:[01:00:36] Explicit valence for atom # 9 N, 4, is greater than permitted
[RDKit] ERROR:[01:00:36] Explicit valence for atom # 9 N, 4, is greater than permitted
[RDKit] ERROR:[01:00:36] Explicit valence for atom # 6 N, 4, is greater than permitted
[RDKit] ERROR:[01:00:36] Explicit valence for atom # 6 N, 4, is greater than permitted
[RDKit] ERROR:[01:00:36] Explicit valence for atom # 6 N, 4, is greater than permitted
[RDKit] WARNING:[01:01:01] WARNING: not removing hydrogen atom without neighbors
[RDKit] WARNING:[01:01:01] WARNING: not removing hydrogen atom without neighbors
[RDKit] WARNING:[01:01:01] WARNING: not removing hydrogen atom without neighbors
[RDKit] WARNING:[01:01:01] WARNING: not removing hydrogen atom without neighbors
[RDKit] WARNING:[01:01:01] WARNING: not removing hydrogen atom without neighbors
[RDKit] WARNING:[01:01:01] WARNING: not removing hydrogen atom without neighbors
[RDKit] WARNING:[01:01:01] WARNING: not removing hydrogen atom without neighbors
[RDKit] WARNING:[01:01:01] WARNING: not removing hydrogen atom without neighbors
[RDKit] WARNING:[01:01:01] WARNING: not removing hydrogen atom without neighbors
[RDKit] WARNING:[01:01:01] WARNING: not removing hydrogen atom without neighbors
[RDKit] ERROR:[01:01:06] Explicit valence for atom # 4 N, 4, is greater than permitted
[RDKit] ERROR:[01:01:06] Explicit valence for atom # 4 N, 4, is greater than permitted
[RDKit] ERROR:[01:01:17] Explicit valence for atom # 8 N, 4, is greater than permitted
[RDKit] ERROR:[01:01:17] Explicit valence for atom # 8 N, 4, is greater than permitted
[RDKit] ERROR:[01:03:07] Explicit valence for atom # 11 N, 4, is greater than permitted
[RDKit] ERROR:[01:03:07] Explicit valence for atom # 11 N, 4, is greater than permitted
[RDKit] ERROR:[01:03:12] Explicit valence for atom # 19 N, 4, is greater than permitted
[RDKit] ERROR:[01:03:22] Explicit valence for atom # 13 N, 4, is greater than permitted
  220/489 processed
[RDKit] ERROR:[01:03:51] Explicit valence for atom # 2 N, 4, is greater than permitted
[RDKit] ERROR:[01:03:51] Explicit valence for atom # 2 N, 4, is greater than permitted
[RDKit] ERROR:[01:04:02] Explicit valence for atom # 16 N, 4, is greater than permitted
[RDKit] ERROR:[01:04:02] Explicit valence for atom # 16 N, 4, is greater than permitted
[RDKit] ERROR:[01:04:23] Explicit valence for atom # 11 N, 4, is greater than permitted
[RDKit] ERROR:[01:04:23] Explicit valence for atom # 14 N, 4, is greater than permitted
[RDKit] ERROR:[01:04:23] Explicit valence for atom # 14 N, 4, is greater than permitted
[RDKit] ERROR:[01:04:23] Explicit valence for atom # 14 N, 4, is greater than permitted
[RDKit] ERROR:[01:04:23] Explicit valence for atom # 14 N, 4, is greater than permitted
[RDKit] ERROR:[01:04:23] Explicit valence for atom # 14 N, 4, is greater than permitted
[RDKit] ERROR:[01:04:23] Explicit valence for atom # 14 N, 4, is greater than permitted
[RDKit] ERROR:[01:04:23] Explicit valence for atom # 14 N, 4, is greater than permitted
[RDKit] ERROR:[01:04:23] Explicit valence for atom # 14 N, 4, is greater than permitted
[RDKit] ERROR:[01:04:23] Explicit valence for atom # 14 N, 4, is greater than permitted
[RDKit] ERROR:[01:04:23] Explicit valence for atom # 11 N, 4, is greater than permitted
[RDKit] ERROR:[01:04:23] Explicit valence for atom # 11 N, 4, is greater than permitted
[RDKit] ERROR:[01:05:04] Explicit valence for atom # 2 N, 4, is greater than permitted
[RDKit] ERROR:[01:05:04] Explicit valence for atom # 2 N, 4, is greater than permitted
  240/489 processed
[RDKit] WARNING:[01:05:15] WARNING: not removing hydrogen atom without neighbors
[RDKit] WARNING:[01:05:15] WARNING: not removing hydrogen atom without neighbors
[RDKit] WARNING:[01:05:15] WARNING: not removing hydrogen atom without neighbors
[RDKit] WARNING:[01:05:15] WARNING: not removing hydrogen atom without neighbors
[RDKit] WARNING:[01:05:15] WARNING: not removing hydrogen atom without neighbors
[RDKit] WARNING:[01:05:15] WARNING: not removing hydrogen atom without neighbors
[RDKit] WARNING:[01:05:15] WARNING: not removing hydrogen atom without neighbors
[RDKit] WARNING:[01:05:15] WARNING: not removing hydrogen atom without neighbors
[RDKit] WARNING:[01:05:15] WARNING: not removing hydrogen atom without neighbors
[RDKit] WARNING:[01:05:15] WARNING: not removing hydrogen atom without neighbors
[RDKit] WARNING:[01:05:15] WARNING: not removing hydrogen atom without neighbors
[RDKit] WARNING:[01:05:15] WARNING: not removing hydrogen atom without neighbors
[RDKit] WARNING:[01:05:15] WARNING: not removing hydrogen atom without neighbors
[RDKit] WARNING:[01:05:15] WARNING: not removing hydrogen atom without neighbors
[RDKit] WARNING:[01:05:15] WARNING: not removing hydrogen atom without neighbors
[RDKit] WARNING:[01:05:15] WARNING: not removing hydrogen atom without neighbors
[RDKit] WARNING:[01:05:15] WARNING: not removing hydrogen atom without neighbors
[RDKit] WARNING:[01:05:15] WARNING: not removing hydrogen atom without neighbors
[RDKit] WARNING:[01:05:15] WARNING: not removing hydrogen atom without neighbors
[RDKit] WARNING:[01:05:15] WARNING: not removing hydrogen atom without neighbors
[RDKit] WARNING:[01:05:15] WARNING: not removing hydrogen atom without neighbors
[RDKit] WARNING:[01:05:15] WARNING: not removing hydrogen atom without neighbors
[RDKit] WARNING:[01:05:15] WARNING: not removing hydrogen atom without neighbors
[RDKit] WARNING:[01:05:15] WARNING: not removing hydrogen atom without neighbors
[RDKit] WARNING:[01:05:15] WARNING: not removing hydrogen atom without neighbors
[RDKit] WARNING:[01:05:15] WARNING: not removing hydrogen atom without neighbors
[RDKit] WARNING:[01:05:15] WARNING: not removing hydrogen atom without neighbors
[RDKit] WARNING:[01:05:15] WARNING: not removing hydrogen atom without neighbors
[RDKit] WARNING:[01:05:15] WARNING: not removing hydrogen atom without neighbors
[RDKit] WARNING:[01:05:15] WARNING: not removing hydrogen atom without neighbors
[RDKit] WARNING:[01:05:15] WARNING: not removing hydrogen atom without neighbors
[RDKit] WARNING:[01:05:15] WARNING: not removing hydrogen atom without neighbors
[RDKit] WARNING:[01:05:15] WARNING: not removing hydrogen atom without neighbors
[RDKit] WARNING:[01:05:15] WARNING: not removing hydrogen atom without neighbors
[RDKit] WARNING:[01:05:15] WARNING: not removing hydrogen atom without neighbors
[RDKit] WARNING:[01:05:15] WARNING: not removing hydrogen atom without neighbors
[RDKit] WARNING:[01:05:15] WARNING: not removing hydrogen atom without neighbors
[RDKit] WARNING:[01:05:15] WARNING: not removing hydrogen atom without neighbors
[RDKit] WARNING:[01:05:15] WARNING: not removing hydrogen atom without neighbors
[RDKit] WARNING:[01:05:15] WARNING: not removing hydrogen atom without neighbors
[RDKit] WARNING:[01:05:15] WARNING: not removing hydrogen atom without neighbors
[RDKit] WARNING:[01:05:15] WARNING: not removing hydrogen atom without neighbors
[RDKit] WARNING:[01:05:15] WARNING: not removing hydrogen atom without neighbors
[RDKit] WARNING:[01:05:15] WARNING: not removing hydrogen atom without neighbors
[RDKit] WARNING:[01:05:15] WARNING: not removing hydrogen atom without neighbors
[RDKit] WARNING:[01:05:15] WARNING: not removing hydrogen atom without neighbors
[RDKit] WARNING:[01:05:15] WARNING: not removing hydrogen atom without neighbors
[RDKit] WARNING:[01:05:15] WARNING: not removing hydrogen atom without neighbors
[RDKit] WARNING:[01:05:15] WARNING: not removing hydrogen atom without neighbors
[RDKit] WARNING:[01:05:15] WARNING: not removing hydrogen atom without neighbors
[RDKit] WARNING:[01:05:15] WARNING: not removing hydrogen atom without neighbors
[RDKit] WARNING:[01:05:15] WARNING: not removing hydrogen atom without neighbors
[RDKit] WARNING:[01:05:15] WARNING: not removing hydrogen atom without neighbors
[RDKit] WARNING:[01:05:15] WARNING: not removing hydrogen atom without neighbors
[RDKit] WARNING:[01:05:15] WARNING: not removing hydrogen atom without neighbors
[RDKit] WARNING:[01:05:15] WARNING: not removing hydrogen atom without neighbors
[RDKit] WARNING:[01:05:15] WARNING: not removing hydrogen atom without neighbors
[RDKit] WARNING:[01:05:15] WARNING: not removing hydrogen atom without neighbors
[RDKit] WARNING:[01:05:15] WARNING: not removing hydrogen atom without neighbors
[RDKit] WARNING:[01:05:15] WARNING: not removing hydrogen atom without neighbors
[RDKit] WARNING:[01:05:15] WARNING: not removing hydrogen atom without neighbors
[RDKit] WARNING:[01:05:15] WARNING: not removing hydrogen atom without neighbors
[RDKit] WARNING:[01:05:15] WARNING: not removing hydrogen atom without neighbors
[RDKit] WARNING:[01:05:15] WARNING: not removing hydrogen atom without neighbors
[RDKit] WARNING:[01:05:15] WARNING: not removing hydrogen atom without neighbors
[RDKit] WARNING:[01:05:15] WARNING: not removing hydrogen atom without neighbors
[RDKit] WARNING:[01:05:15] WARNING: not removing hydrogen atom without neighbors
[RDKit] WARNING:[01:05:15] WARNING: not removing hydrogen atom without neighbors
[RDKit] WARNING:[01:05:15] WARNING: not removing hydrogen atom without neighbors
[RDKit] WARNING:[01:05:15] WARNING: not removing hydrogen atom without neighbors
[RDKit] WARNING:[01:05:15] WARNING: not removing hydrogen atom without neighbors
[RDKit] WARNING:[01:05:15] WARNING: not removing hydrogen atom without neighbors
[RDKit] WARNING:[01:05:15] WARNING: not removing hydrogen atom without neighbors
[RDKit] WARNING:[01:05:15] WARNING: not removing hydrogen atom without neighbors
[RDKit] WARNING:[01:05:15] WARNING: not removing hydrogen atom without neighbors
[RDKit] WARNING:[01:05:15] WARNING: not removing hydrogen atom without neighbors
[RDKit] WARNING:[01:05:15] WARNING: not removing hydrogen atom without neighbors
[RDKit] WARNING:[01:05:15] WARNING: not removing hydrogen atom without neighbors
[RDKit] ERROR:[01:05:15] Explicit valence for atom # 15 N, 4, is greater than permitted
[RDKit] WARNING:[01:05:15] WARNING: not removing hydrogen atom without neighbors
[RDKit] WARNING:[01:05:15] WARNING: not removing hydrogen atom without neighbors
[RDKit] WARNING:[01:05:15] WARNING: not removing hydrogen atom without neighbors
[RDKit] WARNING:[01:05:15] WARNING: not removing hydrogen atom without neighbors
[RDKit] WARNING:[01:05:15] WARNING: not removing hydrogen atom without neighbors
[RDKit] WARNING:[01:05:15] WARNING: not removing hydrogen atom without neighbors
[RDKit] WARNING:[01:05:15] WARNING: not removing hydrogen atom without neighbors
[RDKit] WARNING:[01:05:15] WARNING: not removing hydrogen atom without neighbors
[RDKit] WARNING:[01:05:15] WARNING: not removing hydrogen atom without neighbors
[RDKit] WARNING:[01:05:15] WARNING: not removing hydrogen atom without neighbors
[RDKit] WARNING:[01:05:15] WARNING: not removing hydrogen atom without neighbors
[RDKit] WARNING:[01:05:15] WARNING: not removing hydrogen atom without neighbors
[RDKit] WARNING:[01:05:15] WARNING: not removing hydrogen atom without neighbors
[RDKit] WARNING:[01:05:15] WARNING: not removing hydrogen atom without neighbors
[RDKit] ERROR:[01:05:15] Explicit valence for atom # 15 N, 4, is greater than permitted
[RDKit] WARNING:[01:05:15] WARNING: not removing hydrogen atom without neighbors
[RDKit] WARNING:[01:05:15] WARNING: not removing hydrogen atom without neighbors
[RDKit] WARNING:[01:05:15] WARNING: not removing hydrogen atom without neighbors
[RDKit] WARNING:[01:05:15] WARNING: not removing hydrogen atom without neighbors
[RDKit] WARNING:[01:05:15] WARNING: not removing hydrogen atom without neighbors
[RDKit] WARNING:[01:05:15] WARNING: not removing hydrogen atom without neighbors
[RDKit] WARNING:[01:05:15] WARNING: not removing hydrogen atom without neighbors
[RDKit] WARNING:[01:05:15] WARNING: not removing hydrogen atom without neighbors
[RDKit] WARNING:[01:05:15] WARNING: not removing hydrogen atom without neighbors
[RDKit] WARNING:[01:05:15] WARNING: not removing hydrogen atom without neighbors
[RDKit] WARNING:[01:05:15] WARNING: not removing hydrogen atom without neighbors
[RDKit] WARNING:[01:05:15] WARNING: not removing hydrogen atom without neighbors
[RDKit] WARNING:[01:05:15] WARNING: not removing hydrogen atom without neighbors
[RDKit] WARNING:[01:05:15] WARNING: not removing hydrogen atom without neighbors
[RDKit] ERROR:[01:05:15] Explicit valence for atom # 15 N, 4, is greater than permitted
[RDKit] WARNING:[01:05:15] WARNING: not removing hydrogen atom without neighbors
[RDKit] WARNING:[01:05:15] WARNING: not removing hydrogen atom without neighbors
[RDKit] WARNING:[01:05:15] WARNING: not removing hydrogen atom without neighbors
[RDKit] WARNING:[01:05:15] WARNING: not removing hydrogen atom without neighbors
[RDKit] WARNING:[01:05:15] WARNING: not removing hydrogen atom without neighbors
[RDKit] WARNING:[01:05:15] WARNING: not removing hydrogen atom without neighbors
[RDKit] WARNING:[01:05:15] WARNING: not removing hydrogen atom without neighbors
[RDKit] WARNING:[01:05:15] WARNING: not removing hydrogen atom without neighbors
[RDKit] WARNING:[01:05:15] WARNING: not removing hydrogen atom without neighbors
[RDKit] WARNING:[01:05:15] WARNING: not removing hydrogen atom without neighbors
[RDKit] WARNING:[01:05:15] WARNING: not removing hydrogen atom without neighbors
[RDKit] WARNING:[01:05:15] WARNING: not removing hydrogen atom without neighbors
[RDKit] WARNING:[01:05:15] WARNING: not removing hydrogen atom without neighbors
[RDKit] WARNING:[01:05:15] WARNING: not removing hydrogen atom without neighbors
[RDKit] ERROR:[01:05:15] Explicit valence for atom # 15 N, 4, is greater than permitted
[RDKit] WARNING:[01:05:15] WARNING: not removing hydrogen atom without neighbors
[RDKit] WARNING:[01:05:15] WARNING: not removing hydrogen atom without neighbors
[RDKit] WARNING:[01:05:15] WARNING: not removing hydrogen atom without neighbors
[RDKit] WARNING:[01:05:15] WARNING: not removing hydrogen atom without neighbors
[RDKit] WARNING:[01:05:15] WARNING: not removing hydrogen atom without neighbors
[RDKit] WARNING:[01:05:15] WARNING: not removing hydrogen atom without neighbors
[RDKit] WARNING:[01:05:15] WARNING: not removing hydrogen atom without neighbors
[RDKit] WARNING:[01:05:15] WARNING: not removing hydrogen atom without neighbors
[RDKit] ERROR:[01:05:15] Explicit valence for atom # 15 N, 4, is greater than permitted
[RDKit] WARNING:[01:05:15] WARNING: not removing hydrogen atom without neighbors
[RDKit] WARNING:[01:05:15] WARNING: not removing hydrogen atom without neighbors
[RDKit] ERROR:[01:05:15] Explicit valence for atom # 15 N, 4, is greater than permitted
[RDKit] WARNING:[01:05:15] WARNING: not removing hydrogen atom without neighbors
[RDKit] WARNING:[01:05:15] WARNING: not removing hydrogen atom without neighbors
[RDKit] WARNING:[01:05:15] WARNING: not removing hydrogen atom without neighbors
[RDKit] WARNING:[01:05:15] WARNING: not removing hydrogen atom without neighbors
[RDKit] WARNING:[01:05:15] WARNING: not removing hydrogen atom without neighbors
[RDKit] WARNING:[01:05:15] WARNING: not removing hydrogen atom without neighbors
[RDKit] WARNING:[01:05:15] WARNING: not removing hydrogen atom without neighbors
[RDKit] WARNING:[01:05:15] WARNING: not removing hydrogen atom without neighbors
[RDKit] WARNING:[01:05:15] WARNING: not removing hydrogen atom without neighbors
[RDKit] WARNING:[01:05:15] WARNING: not removing hydrogen atom without neighbors
[RDKit] ERROR:[01:05:20] Explicit valence for atom # 15 N, 4, is greater than permitted
[RDKit] ERROR:[01:05:20] Explicit valence for atom # 15 N, 4, is greater than permitted
[RDKit] WARNING:[01:05:25] WARNING: not removing hydrogen atom without neighbors
[RDKit] WARNING:[01:05:25] WARNING: not removing hydrogen atom without neighbors
[RDKit] WARNING:[01:05:25] WARNING: not removing hydrogen atom without neighbors
[RDKit] WARNING:[01:05:25] WARNING: not removing hydrogen atom without neighbors
[RDKit] WARNING:[01:05:25] WARNING: not removing hydrogen atom without neighbors
[RDKit] WARNING:[01:05:25] WARNING: not removing hydrogen atom without neighbors
[RDKit] WARNING:[01:05:25] WARNING: not removing hydrogen atom without neighbors
[RDKit] WARNING:[01:05:25] WARNING: not removing hydrogen atom without neighbors
[RDKit] WARNING:[01:05:25] WARNING: not removing hydrogen atom without neighbors
[RDKit] WARNING:[01:05:25] WARNING: not removing hydrogen atom without neighbors
[RDKit] WARNING:[01:05:25] WARNING: not removing hydrogen atom without neighbors
[RDKit] WARNING:[01:05:25] WARNING: not removing hydrogen atom without neighbors
[RDKit] WARNING:[01:05:25] WARNING: not removing hydrogen atom without neighbors
[RDKit] WARNING:[01:05:25] WARNING: not removing hydrogen atom without neighbors
[RDKit] WARNING:[01:05:25] WARNING: not removing hydrogen atom without neighbors
[RDKit] ERROR:[01:05:44] Explicit valence for atom # 3 N, 4, is greater than permitted
[RDKit] ERROR:[01:05:44] Explicit valence for atom # 3 N, 4, is greater than permitted
[RDKit] ERROR:[01:05:50] Explicit valence for atom # 12 N, 4, is greater than permitted
[RDKit] ERROR:[01:05:50] Explicit valence for atom # 12 N, 4, is greater than permitted
[RDKit] ERROR:[01:05:55] Explicit valence for atom # 19 N, 4, is greater than permitted
[RDKit] ERROR:[01:05:55] Explicit valence for atom # 19 N, 4, is greater than permitted
  260/489 processed
[RDKit] ERROR:[01:06:00] Explicit valence for atom # 2 N, 4, is greater than permitted
[RDKit] ERROR:[01:06:00] Explicit valence for atom # 2 N, 4, is greater than permitted
[RDKit] WARNING:[01:07:01] WARNING: not removing hydrogen atom without neighbors
[RDKit] WARNING:[01:07:01] WARNING: not removing hydrogen atom without neighbors
[RDKit] WARNING:[01:07:01] WARNING: not removing hydrogen atom without neighbors
[RDKit] WARNING:[01:07:01] WARNING: not removing hydrogen atom without neighbors
[RDKit] WARNING:[01:07:01] WARNING: not removing hydrogen atom without neighbors
[RDKit] WARNING:[01:07:01] WARNING: not removing hydrogen atom without neighbors
[RDKit] WARNING:[01:07:01] WARNING: not removing hydrogen atom without neighbors
[RDKit] WARNING:[01:07:01] WARNING: not removing hydrogen atom without neighbors
[RDKit] WARNING:[01:07:01] WARNING: not removing hydrogen atom without neighbors
[RDKit] ERROR:[01:07:06] Explicit valence for atom # 4 N, 4, is greater than permitted
[RDKit] ERROR:[01:07:06] Explicit valence for atom # 4 N, 4, is greater than permitted
[RDKit] WARNING:[01:07:16] WARNING: not removing hydrogen atom without neighbors
[RDKit] WARNING:[01:07:16] WARNING: not removing hydrogen atom without neighbors
[RDKit] WARNING:[01:07:16] WARNING: not removing hydrogen atom without neighbors
[RDKit] WARNING:[01:07:16] WARNING: not removing hydrogen atom without neighbors
[RDKit] WARNING:[01:07:16] WARNING: not removing hydrogen atom without neighbors
[RDKit] WARNING:[01:07:16] WARNING: not removing hydrogen atom without neighbors
[RDKit] WARNING:[01:07:16] WARNING: not removing hydrogen atom without neighbors
[RDKit] WARNING:[01:07:16] WARNING: not removing hydrogen atom without neighbors
[RDKit] ERROR:[01:07:39] Explicit valence for atom # 8 N, 4, is greater than permitted
[RDKit] ERROR:[01:07:39] Explicit valence for atom # 22 N, 4, is greater than permitted
[RDKit] ERROR:[01:07:39] Explicit valence for atom # 22 N, 4, is greater than permitted
[RDKit] ERROR:[01:07:39] Explicit valence for atom # 22 N, 4, is greater than permitted
[RDKit] ERROR:[01:07:39] Explicit valence for atom # 22 N, 4, is greater than permitted
[RDKit] ERROR:[01:07:39] Explicit valence for atom # 22 N, 4, is greater than permitted
[RDKit] ERROR:[01:07:39] Explicit valence for atom # 22 N, 4, is greater than permitted
[RDKit] ERROR:[01:07:39] Explicit valence for atom # 22 N, 4, is greater than permitted
[RDKit] ERROR:[01:07:39] Explicit valence for atom # 22 N, 4, is greater than permitted
[RDKit] ERROR:[01:07:40] Explicit valence for atom # 22 N, 4, is greater than permitted
[RDKit] ERROR:[01:07:40] Explicit valence for atom # 22 N, 4, is greater than permitted
[RDKit] ERROR:[01:07:40] Explicit valence for atom # 8 N, 4, is greater than permitted
  280/489 processed
[RDKit] ERROR:[01:08:15] Explicit valence for atom # 8 N, 4, is greater than permitted
[RDKit] ERROR:[01:08:25] Explicit valence for atom # 10 N, 4, is greater than permitted
[RDKit] ERROR:[01:08:25] Explicit valence for atom # 10 N, 4, is greater than permitted
[RDKit] ERROR:[01:08:54] Explicit valence for atom # 10 N, 4, is greater than permitted
[RDKit] ERROR:[01:08:54] Explicit valence for atom # 10 N, 4, is greater than permitted
[RDKit] ERROR:[01:08:59] Explicit valence for atom # 23 N, 4, is greater than permitted
[RDKit] ERROR:[01:08:59] Explicit valence for atom # 23 N, 4, is greater than permitted
[RDKit] ERROR:[01:08:59] Explicit valence for atom # 23 N, 4, is greater than permitted
[RDKit] ERROR:[01:08:59] Explicit valence for atom # 28 N, 4, is greater than permitted
[RDKit] ERROR:[01:08:59] Explicit valence for atom # 28 N, 4, is greater than permitted
[RDKit] ERROR:[01:08:59] Explicit valence for atom # 28 N, 4, is greater than permitted
[RDKit] ERROR:[01:08:59] Explicit valence for atom # 28 N, 4, is greater than permitted
[RDKit] ERROR:[01:08:59] Explicit valence for atom # 28 N, 4, is greater than permitted
[RDKit] ERROR:[01:08:59] Explicit valence for atom # 28 N, 4, is greater than permitted
[RDKit] ERROR:[01:08:59] Explicit valence for atom # 28 N, 4, is greater than permitted
[RDKit] ERROR:[01:08:59] Explicit valence for atom # 28 N, 4, is greater than permitted
[RDKit] ERROR:[01:08:59] Explicit valence for atom # 28 N, 4, is greater than permitted
[RDKit] ERROR:[01:08:59] Explicit valence for atom # 28 N, 4, is greater than permitted
[RDKit] ERROR:[01:08:59] Explicit valence for atom # 28 N, 4, is greater than permitted
[RDKit] ERROR:[01:08:59] Explicit valence for atom # 28 N, 4, is greater than permitted
[RDKit] ERROR:[01:08:59] Explicit valence for atom # 36 N, 4, is greater than permitted
[RDKit] ERROR:[01:08:59] Explicit valence for atom # 36 N, 4, is greater than permitted
[RDKit] ERROR:[01:08:59] Explicit valence for atom # 36 N, 4, is greater than permitted
[RDKit] ERROR:[01:08:59] Explicit valence for atom # 36 N, 4, is greater than permitted
[RDKit] ERROR:[01:08:59] Explicit valence for atom # 36 N, 4, is greater than permitted
[RDKit] ERROR:[01:08:59] Explicit valence for atom # 36 N, 4, is greater than permitted
[RDKit] ERROR:[01:08:59] Explicit valence for atom # 36 N, 4, is greater than permitted
[RDKit] ERROR:[01:08:59] Explicit valence for atom # 36 N, 4, is greater than permitted
[RDKit] ERROR:[01:08:59] Explicit valence for atom # 36 N, 4, is greater than permitted
[RDKit] ERROR:[01:08:59] Explicit valence for atom # 36 N, 4, is greater than permitted
[RDKit] ERROR:[01:08:59] Explicit valence for atom # 36 N, 4, is greater than permitted
[RDKit] ERROR:[01:08:59] Explicit valence for atom # 36 N, 4, is greater than permitted
[RDKit] ERROR:[01:08:59] Explicit valence for atom # 36 N, 4, is greater than permitted
[RDKit] ERROR:[01:08:59] Explicit valence for atom # 36 N, 4, is greater than permitted
[RDKit] ERROR:[01:08:59] Explicit valence for atom # 36 N, 4, is greater than permitted
[RDKit] ERROR:[01:08:59] Explicit valence for atom # 36 N, 4, is greater than permitted
[RDKit] ERROR:[01:08:59] Explicit valence for atom # 36 N, 4, is greater than permitted
[RDKit] ERROR:[01:08:59] Explicit valence for atom # 36 N, 4, is greater than permitted
[RDKit] ERROR:[01:08:59] Explicit valence for atom # 36 N, 4, is greater than permitted
[RDKit] ERROR:[01:08:59] Explicit valence for atom # 36 N, 4, is greater than permitted
[RDKit] ERROR:[01:08:59] Explicit valence for atom # 36 N, 4, is greater than permitted
[RDKit] ERROR:[01:08:59] Explicit valence for atom # 36 N, 4, is greater than permitted
[RDKit] ERROR:[01:08:59] Explicit valence for atom # 36 N, 4, is greater than permitted
[RDKit] ERROR:[01:08:59] Explicit valence for atom # 36 N, 4, is greater than permitted
[RDKit] ERROR:[01:08:59] Explicit valence for atom # 36 N, 4, is greater than permitted
[RDKit] ERROR:[01:08:59] Explicit valence for atom # 36 N, 4, is greater than permitted
[RDKit] ERROR:[01:08:59] Explicit valence for atom # 36 N, 4, is greater than permitted
[RDKit] ERROR:[01:08:59] Explicit valence for atom # 36 N, 4, is greater than permitted
[RDKit] ERROR:[01:08:59] Explicit valence for atom # 36 N, 4, is greater than permitted
[RDKit] ERROR:[01:08:59] Explicit valence for atom # 36 N, 4, is greater than permitted
[RDKit] ERROR:[01:08:59] Explicit valence for atom # 36 N, 4, is greater than permitted
[RDKit] ERROR:[01:08:59] Explicit valence for atom # 36 N, 4, is greater than permitted
[RDKit] ERROR:[01:08:59] Explicit valence for atom # 36 N, 4, is greater than permitted
[RDKit] ERROR:[01:08:59] Explicit valence for atom # 36 N, 4, is greater than permitted
[RDKit] ERROR:[01:08:59] Explicit valence for atom # 36 N, 4, is greater than permitted
[RDKit] ERROR:[01:08:59] Explicit valence for atom # 36 N, 4, is greater than permitted
[RDKit] ERROR:[01:08:59] Explicit valence for atom # 36 N, 4, is greater than permitted
[RDKit] ERROR:[01:08:59] Explicit valence for atom # 36 N, 4, is greater than permitted
[RDKit] ERROR:[01:08:59] Explicit valence for atom # 36 N, 4, is greater than permitted
[RDKit] ERROR:[01:08:59] Explicit valence for atom # 36 N, 4, is greater than permitted
[RDKit] ERROR:[01:08:59] Explicit valence for atom # 36 N, 4, is greater than permitted
[RDKit] ERROR:[01:08:59] Explicit valence for atom # 36 N, 4, is greater than permitted
[RDKit] ERROR:[01:08:59] Explicit valence for atom # 36 N, 4, is greater than permitted
[RDKit] ERROR:[01:08:59] Explicit valence for atom # 36 N, 4, is greater than permitted
[RDKit] ERROR:[01:08:59] Explicit valence for atom # 36 N, 4, is greater than permitted
[RDKit] ERROR:[01:08:59] Explicit valence for atom # 36 N, 4, is greater than permitted
[RDKit] ERROR:[01:08:59] Explicit valence for atom # 36 N, 4, is greater than permitted
[RDKit] ERROR:[01:08:59] Explicit valence for atom # 36 N, 4, is greater than permitted
[RDKit] ERROR:[01:09:00] Explicit valence for atom # 63 N, 4, is greater than permitted
[RDKit] ERROR:[01:09:00] Explicit valence for atom # 63 N, 4, is greater than permitted
[RDKit] ERROR:[01:09:00] Explicit valence for atom # 63 N, 4, is greater than permitted
[RDKit] ERROR:[01:09:00] Explicit valence for atom # 63 N, 4, is greater than permitted
[RDKit] ERROR:[01:09:00] Explicit valence for atom # 63 N, 4, is greater than permitted
[RDKit] ERROR:[01:09:00] Explicit valence for atom # 63 N, 4, is greater than permitted
[RDKit] ERROR:[01:09:00] Explicit valence for atom # 63 N, 4, is greater than permitted
[RDKit] ERROR:[01:09:00] Explicit valence for atom # 63 N, 4, is greater than permitted
  300/489 processed
[RDKit] ERROR:[01:09:48] Explicit valence for atom # 8 N, 4, is greater than permitted
[RDKit] ERROR:[01:09:48] Explicit valence for atom # 11 N, 4, is greater than permitted
[RDKit] ERROR:[01:09:48] Explicit valence for atom # 11 N, 4, is greater than permitted
[RDKit] ERROR:[01:09:48] Explicit valence for atom # 11 N, 4, is greater than permitted
[RDKit] ERROR:[01:09:48] Explicit valence for atom # 11 N, 4, is greater than permitted
[RDKit] ERROR:[01:09:48] Explicit valence for atom # 11 N, 4, is greater than permitted
[RDKit] ERROR:[01:09:48] Explicit valence for atom # 11 N, 4, is greater than permitted
[RDKit] ERROR:[01:09:48] Explicit valence for atom # 11 N, 4, is greater than permitted
[RDKit] ERROR:[01:09:48] Explicit valence for atom # 11 N, 4, is greater than permitted
[RDKit] ERROR:[01:09:48] Explicit valence for atom # 11 N, 4, is greater than permitted
[RDKit] ERROR:[01:09:48] Explicit valence for atom # 8 N, 4, is greater than permitted
[RDKit] ERROR:[01:09:48] Explicit valence for atom # 8 N, 4, is greater than permitted
  320/489 processed
[RDKit] ERROR:[01:10:27] Explicit valence for atom # 11 N, 4, is greater than permitted
[RDKit] ERROR:[01:10:47] Explicit valence for atom # 6 N, 4, is greater than permitted
[RDKit] ERROR:[01:10:52] Explicit valence for atom # 1 N, 4, is greater than permitted
[RDKit] ERROR:[01:10:52] Explicit valence for atom # 1 N, 4, is greater than permitted
[RDKit] ERROR:[01:11:05] Explicit valence for atom # 21 N, 4, is greater than permitted
[RDKit] ERROR:[01:11:05] Explicit valence for atom # 21 N, 4, is greater than permitted
[RDKit] ERROR:[01:11:10] Explicit valence for atom # 3 N, 4, is greater than permitted
[RDKit] ERROR:[01:11:10] Explicit valence for atom # 3 N, 4, is greater than permitted
  340/489 processed
[RDKit] ERROR:[01:13:59] Explicit valence for atom # 26 N, 4, is greater than permitted
[RDKit] ERROR:[01:13:59] Explicit valence for atom # 26 N, 4, is greater than permitted
[RDKit] ERROR:[01:13:59] Explicit valence for atom # 26 N, 4, is greater than permitted
[RDKit] ERROR:[01:13:59] Explicit valence for atom # 26 N, 4, is greater than permitted
  360/489 processed
[RDKit] ERROR:[01:15:18] Explicit valence for atom # 4 N, 4, is greater than permitted
[RDKit] ERROR:[01:15:18] Explicit valence for atom # 4 N, 4, is greater than permitted
[RDKit] ERROR:[01:15:23] Explicit valence for atom # 6 N, 4, is greater than permitted
[RDKit] ERROR:[01:15:23] Explicit valence for atom # 9 N, 4, is greater than permitted
[RDKit] ERROR:[01:15:23] Explicit valence for atom # 9 N, 4, is greater than permitted
[RDKit] ERROR:[01:15:23] Explicit valence for atom # 9 N, 4, is greater than permitted
[RDKit] ERROR:[01:15:23] Explicit valence for atom # 9 N, 4, is greater than permitted
[RDKit] ERROR:[01:15:23] Explicit valence for atom # 9 N, 4, is greater than permitted
[RDKit] ERROR:[01:15:23] Explicit valence for atom # 9 N, 4, is greater than permitted
[RDKit] ERROR:[01:15:23] Explicit valence for atom # 9 N, 4, is greater than permitted
[RDKit] ERROR:[01:15:23] Explicit valence for atom # 9 N, 4, is greater than permitted
[RDKit] ERROR:[01:15:23] Explicit valence for atom # 9 N, 4, is greater than permitted
[RDKit] ERROR:[01:15:23] Explicit valence for atom # 6 N, 4, is greater than permitted
[RDKit] ERROR:[01:15:23] Explicit valence for atom # 6 N, 4, is greater than permitted
[RDKit] ERROR:[01:15:23] Explicit valence for atom # 6 N, 4, is greater than permitted
[RDKit] ERROR:[01:15:33] Explicit valence for atom # 3 N, 4, is greater than permitted
[RDKit] ERROR:[01:15:33] Explicit valence for atom # 3 N, 4, is greater than permitted
  380/489 processed
[RDKit] ERROR:[01:16:45] Explicit valence for atom # 2 N, 4, is greater than permitted
[RDKit] ERROR:[01:16:45] Explicit valence for atom # 2 N, 4, is greater than permitted
[RDKit] ERROR:[01:18:45] UFFTYPER: Unrecognized charge state for atom: 11
[RDKit] ERROR:[01:18:45] UFFTYPER: Unrecognized atom type: Se2+2 (11)
[RDKit] ERROR:[01:18:59] Explicit valence for atom # 8 N, 4, is greater than permitted
[RDKit] ERROR:[01:18:59] Explicit valence for atom # 8 N, 4, is greater than permitted
[RDKit] ERROR:[01:19:09] Explicit valence for atom # 11 N, 4, is greater than permitted
[RDKit] WARNING:[01:19:40] WARNING: not removing hydrogen atom without neighbors
[RDKit] WARNING:[01:19:40] WARNING: not removing hydrogen atom without neighbors
[RDKit] WARNING:[01:19:40] WARNING: not removing hydrogen atom without neighbors
[RDKit] WARNING:[01:19:40] WARNING: not removing hydrogen atom without neighbors
[RDKit] WARNING:[01:19:40] WARNING: not removing hydrogen atom without neighbors
[RDKit] WARNING:[01:19:40] WARNING: not removing hydrogen atom without neighbors
[RDKit] WARNING:[01:19:40] WARNING: not removing hydrogen atom without neighbors
[RDKit] WARNING:[01:19:40] WARNING: not removing hydrogen atom without neighbors
[RDKit] WARNING:[01:19:40] WARNING: not removing hydrogen atom without neighbors
[RDKit] WARNING:[01:19:40] WARNING: not removing hydrogen atom without neighbors
[RDKit] WARNING:[01:19:40] WARNING: not removing hydrogen atom without neighbors
  420/489 processed
[RDKit] ERROR:[01:21:08] Explicit valence for atom # 9 N, 4, is greater than permitted
[RDKit] ERROR:[01:21:08] Explicit valence for atom # 12 N, 4, is greater than permitted
[RDKit] ERROR:[01:21:08] Explicit valence for atom # 12 N, 4, is greater than permitted
[RDKit] ERROR:[01:21:08] Explicit valence for atom # 12 N, 4, is greater than permitted
[RDKit] ERROR:[01:21:08] Explicit valence for atom # 12 N, 4, is greater than permitted
[RDKit] ERROR:[01:21:08] Explicit valence for atom # 12 N, 4, is greater than permitted
[RDKit] ERROR:[01:21:08] Explicit valence for atom # 12 N, 4, is greater than permitted
[RDKit] ERROR:[01:21:08] Explicit valence for atom # 12 N, 4, is greater than permitted
[RDKit] ERROR:[01:21:08] Explicit valence for atom # 12 N, 4, is greater than permitted
[RDKit] ERROR:[01:21:08] Explicit valence for atom # 12 N, 4, is greater than permitted
[RDKit] ERROR:[01:21:08] Explicit valence for atom # 9 N, 4, is greater than permitted
[RDKit] ERROR:[01:21:08] Explicit valence for atom # 9 N, 4, is greater than permitted
[RDKit] ERROR:[01:21:19] Explicit valence for atom # 3 N, 4, is greater than permitted
[RDKit] ERROR:[01:21:19] Explicit valence for atom # 3 N, 4, is greater than permitted
  440/489 processed
[RDKit] ERROR:[01:21:30] Explicit valence for atom # 21 N, 4, is greater than permitted
[RDKit] ERROR:[01:21:30] Explicit valence for atom # 21 N, 4, is greater than permitted
[RDKit] ERROR:[01:21:45] Explicit valence for atom # 7 N, 4, is greater than permitted
[RDKit] ERROR:[01:21:45] Explicit valence for atom # 7 N, 4, is greater than permitted
[RDKit] ERROR:[01:21:45] Explicit valence for atom # 7 N, 4, is greater than permitted
[RDKit] ERROR:[01:21:45] Explicit valence for atom # 13 N, 4, is greater than permitted
[RDKit] ERROR:[01:21:45] Explicit valence for atom # 13 N, 4, is greater than permitted
[RDKit] ERROR:[01:21:45] Explicit valence for atom # 13 N, 4, is greater than permitted
[RDKit] ERROR:[01:21:45] Explicit valence for atom # 13 N, 4, is greater than permitted
[RDKit] ERROR:[01:21:45] Explicit valence for atom # 13 N, 4, is greater than permitted
[RDKit] ERROR:[01:21:45] Explicit valence for atom # 13 N, 4, is greater than permitted
[RDKit] ERROR:[01:21:54] Explicit valence for atom # 8 N, 4, is greater than permitted
[RDKit] ERROR:[01:21:54] Explicit valence for atom # 8 N, 4, is greater than permitted
[RDKit] ERROR:[01:21:54] Explicit valence for atom # 8 N, 4, is greater than permitted
[RDKit] WARNING:[01:21:59] WARNING: not removing hydrogen atom without neighbors
[RDKit] WARNING:[01:21:59] WARNING: not removing hydrogen atom without neighbors
[RDKit] WARNING:[01:21:59] WARNING: not removing hydrogen atom without neighbors
[RDKit] WARNING:[01:21:59] WARNING: not removing hydrogen atom without neighbors
[RDKit] WARNING:[01:21:59] WARNING: not removing hydrogen atom without neighbors
[RDKit] WARNING:[01:21:59] WARNING: not removing hydrogen atom without neighbors
[RDKit] WARNING:[01:21:59] WARNING: not removing hydrogen atom without neighbors
[RDKit] WARNING:[01:21:59] WARNING: not removing hydrogen atom without neighbors
[RDKit] WARNING:[01:21:59] WARNING: not removing hydrogen atom without neighbors
[RDKit] WARNING:[01:21:59] WARNING: not removing hydrogen atom without neighbors
[RDKit] WARNING:[01:21:59] WARNING: not removing hydrogen atom without neighbors
[RDKit] WARNING:[01:21:59] WARNING: not removing hydrogen atom without neighbors
[RDKit] WARNING:[01:21:59] WARNING: not removing hydrogen atom without neighbors
[RDKit] WARNING:[01:21:59] WARNING: not removing hydrogen atom without neighbors
[RDKit] ERROR:[01:23:25] Explicit valence for atom # 13 N, 4, is greater than permitted
[RDKit] ERROR:[01:23:40] Explicit valence for atom # 6 N, 4, is greater than permitted
[RDKit] ERROR:[01:23:40] Explicit valence for atom # 6 N, 4, is greater than permitted
[RDKit] ERROR:[01:23:50] Explicit valence for atom # 4 N, 4, is greater than permitted
[RDKit] ERROR:[01:23:50] Explicit valence for atom # 4 N, 4, is greater than permitted
FINISHED ligand prep
